Watching for file changes with StatReloader
Watching for file changes with StatReloader
C:\Users\user\Desktop\online_files\retailer_customer_platform_main\ordering_platform\settings.py changed, reloading.
C:\Users\user\Desktop\online_files\retailer_customer_platform_main\ordering_platform\settings.py changed, reloading.
Watching for file changes with StatReloader
Watching for file changes with StatReloader
Watching for file changes with StatReloader
"GET /admin/ HTTP/1.1" 302 0
"GET /admin/login/?next=/admin/ HTTP/1.1" 200 4181
"GET /static/admin/css/dark_mode.css HTTP/1.1" 200 2929
"GET /static/admin/css/nav_sidebar.css HTTP/1.1" 200 2694
"GET /static/admin/css/base.css HTTP/1.1" 200 21310
"GET /static/admin/css/login.css HTTP/1.1" 200 958
"GET /static/admin/css/responsive.css HTTP/1.1" 200 18559
"GET /static/admin/js/theme.js HTTP/1.1" 200 1943
"GET /static/admin/js/nav_sidebar.js HTTP/1.1" 200 3063
Not Found: /favicon.ico
"GET /favicon.ico HTTP/1.1" 404 3156
"POST /admin/login/?next=/admin/ HTTP/1.1" 302 0
"GET /admin/ HTTP/1.1" 200 21663
"GET /static/admin/css/dashboard.css HTTP/1.1" 200 441
"GET /static/admin/img/icon-changelink.svg HTTP/1.1" 200 380
"GET /static/admin/img/icon-addlink.svg HTTP/1.1" 200 331
"GET /admin/authentication/user/add/ HTTP/1.1" 200 21805
"GET /admin/jsi18n/ HTTP/1.1" 200 3343
"GET /static/admin/css/forms.css HTTP/1.1" 200 9090
"GET /static/admin/js/jquery.init.js HTTP/1.1" 200 347
"GET /static/admin/js/core.js HTTP/1.1" 200 5682
"GET /static/admin/js/admin/RelatedObjectLookups.js HTTP/1.1" 200 8943
"GET /static/admin/css/widgets.css HTTP/1.1" 200 11921
"GET /static/admin/js/actions.js HTTP/1.1" 200 7872
"GET /static/admin/js/urlify.js HTTP/1.1" 200 7887
"GET /static/admin/js/prepopulate.js HTTP/1.1" 200 1531
"GET /static/admin/js/prepopulate_init.js HTTP/1.1" 200 586
"GET /static/admin/js/vendor/jquery/jquery.js HTTP/1.1" 200 292458
"GET /static/admin/js/change_form.js HTTP/1.1" 200 606
"GET /static/admin/js/vendor/xregexp/xregexp.js HTTP/1.1" 200 232381
"POST /admin/authentication/user/add/ HTTP/1.1" 200 22031
"GET /admin/jsi18n/ HTTP/1.1" 200 3343
"POST /admin/authentication/user/add/ HTTP/1.1" 200 22059
"GET /admin/jsi18n/ HTTP/1.1" 200 3343
"POST /admin/authentication/user/add/ HTTP/1.1" 200 21987
"GET /static/admin/css/nav_sidebar.css HTTP/1.1" 304 0
"GET /static/admin/css/dark_mode.css HTTP/1.1" 304 0
"GET /static/admin/css/base.css HTTP/1.1" 304 0
"GET /static/admin/css/responsive.css HTTP/1.1" 304 0
"GET /static/admin/js/theme.js HTTP/1.1" 304 0
"GET /admin/jsi18n/ HTTP/1.1" 200 3343
"GET /static/admin/js/nav_sidebar.js HTTP/1.1" 304 0
"POST /admin/authentication/user/add/ HTTP/1.1" 302 0
"GET /admin/authentication/user/2/change/ HTTP/1.1" 200 44481
"GET /static/admin/img/icon-addlink.svg HTTP/1.1" 304 0
"GET /admin/jsi18n/ HTTP/1.1" 200 3343
"GET /static/admin/js/admin/DateTimeShortcuts.js HTTP/1.1" 200 19319
"GET /static/admin/js/SelectFilter2.js HTTP/1.1" 200 15292
"GET /static/admin/js/SelectBox.js HTTP/1.1" 200 4530
"GET /static/admin/js/calendar.js HTTP/1.1" 200 8466
"GET /static/admin/img/icon-yes.svg HTTP/1.1" 200 436
"GET /static/admin/img/icon-unknown-alt.svg HTTP/1.1" 200 655
"GET /static/admin/img/selector-icons.svg HTTP/1.1" 200 3291
"GET /static/admin/img/search.svg HTTP/1.1" 200 458
"GET /static/admin/img/icon-unknown.svg HTTP/1.1" 200 655
"GET /static/admin/img/icon-calendar.svg HTTP/1.1" 200 1086
"GET /static/admin/img/icon-clock.svg HTTP/1.1" 200 677
"POST /admin/authentication/user/2/change/ HTTP/1.1" 302 0
"GET /admin/authentication/user/ HTTP/1.1" 200 24363
"GET /static/admin/js/vendor/jquery/jquery.js HTTP/1.1" 304 0
"GET /static/admin/js/jquery.init.js HTTP/1.1" 304 0
"GET /static/admin/js/admin/RelatedObjectLookups.js HTTP/1.1" 304 0
"GET /static/admin/js/core.js HTTP/1.1" 304 0
"GET /static/admin/js/actions.js HTTP/1.1" 304 0
"GET /static/admin/js/prepopulate.js HTTP/1.1" 304 0
"GET /static/admin/js/urlify.js HTTP/1.1" 304 0
"GET /static/admin/js/vendor/xregexp/xregexp.js HTTP/1.1" 304 0
"GET /static/admin/css/changelists.css HTTP/1.1" 200 6566
"GET /admin/jsi18n/ HTTP/1.1" 200 3343
"GET /static/admin/img/icon-no.svg HTTP/1.1" 200 560
"GET /static/admin/js/filters.js HTTP/1.1" 200 978
"GET /static/admin/img/tooltag-add.svg HTTP/1.1" 200 331
"GET /static/admin/img/sorting-icons.svg HTTP/1.1" 200 1097
"GET /admin/authentication/user/?o=2.-7 HTTP/1.1" 200 24798
"GET /static/admin/css/base.css HTTP/1.1" 304 0
"GET /static/admin/css/dark_mode.css HTTP/1.1" 304 0
"GET /static/admin/css/nav_sidebar.css HTTP/1.1" 304 0
"GET /static/admin/css/responsive.css HTTP/1.1" 304 0
"GET /static/admin/img/search.svg HTTP/1.1" 304 0
"GET /static/admin/img/icon-yes.svg HTTP/1.1" 304 0
"GET /admin/jsi18n/ HTTP/1.1" 200 3343
"GET /static/admin/js/theme.js HTTP/1.1" 304 0
"GET /static/admin/js/nav_sidebar.js HTTP/1.1" 304 0
"POST /admin/authentication/user/?o=2.-7 HTTP/1.1" 200 29985
"GET /static/admin/js/vendor/jquery/jquery.js HTTP/1.1" 304 0
"GET /static/admin/js/urlify.js HTTP/1.1" 304 0
"GET /static/admin/js/core.js HTTP/1.1" 304 0
"GET /static/admin/js/admin/RelatedObjectLookups.js HTTP/1.1" 304 0
"GET /static/admin/js/prepopulate.js HTTP/1.1" 304 0
"GET /static/admin/js/actions.js HTTP/1.1" 304 0
"GET /static/admin/js/jquery.init.js HTTP/1.1" 304 0
"GET /static/admin/js/vendor/xregexp/xregexp.js HTTP/1.1" 304 0
"GET /static/admin/js/cancel.js HTTP/1.1" 200 884
"POST /admin/authentication/user/?o=2.-7 HTTP/1.1" 302 0
"GET /admin/authentication/user/?o=2.-7 HTTP/1.1" 200 24303
"GET /static/admin/css/changelists.css HTTP/1.1" 304 0
"GET /static/admin/img/icon-no.svg HTTP/1.1" 304 0
"GET /static/admin/js/filters.js HTTP/1.1" 304 0
"GET /admin/jsi18n/ HTTP/1.1" 200 3343
"GET /admin/authentication/user/?q=shopeasy.bte&o=2.-7 HTTP/1.1" 200 24700
"GET /admin/jsi18n/ HTTP/1.1" 200 3343
"GET /admin/authentication/user/?o=2.7&q=shopeasy.bte HTTP/1.1" 200 24675
"GET /admin/jsi18n/ HTTP/1.1" 200 3343
"GET /admin/authentication/user/?o=2.-7&q=shopeasy.bte HTTP/1.1" 200 24700
"GET /admin/jsi18n/ HTTP/1.1" 200 3343
"GET /admin/authentication/user/ HTTP/1.1" 200 23550
"GET /admin/jsi18n/ HTTP/1.1" 200 3343
"GET /admin/authentication/user/1/change/ HTTP/1.1" 200 44356
"GET /static/admin/css/forms.css HTTP/1.1" 304 0
"GET /static/admin/js/SelectFilter2.js HTTP/1.1" 304 0
"GET /static/admin/js/calendar.js HTTP/1.1" 304 0
"GET /static/admin/img/icon-addlink.svg HTTP/1.1" 304 0
"GET /static/admin/js/admin/DateTimeShortcuts.js HTTP/1.1" 304 0
"GET /static/admin/js/SelectBox.js HTTP/1.1" 304 0
"GET /static/admin/css/widgets.css HTTP/1.1" 304 0
"GET /static/admin/js/prepopulate_init.js HTTP/1.1" 304 0
"GET /admin/jsi18n/ HTTP/1.1" 200 3343
"GET /static/admin/js/change_form.js HTTP/1.1" 304 0
"GET /static/admin/img/icon-clock.svg HTTP/1.1" 304 0
"GET /static/admin/img/icon-calendar.svg HTTP/1.1" 304 0
"GET /static/admin/img/selector-icons.svg HTTP/1.1" 304 0
"GET /static/admin/img/icon-unknown-alt.svg HTTP/1.1" 304 0
"GET /static/admin/img/icon-unknown.svg HTTP/1.1" 304 0
"POST /admin/authentication/user/1/change/ HTTP/1.1" 302 0
"GET /admin/authentication/user/ HTTP/1.1" 200 23780
"GET /static/admin/img/search.svg HTTP/1.1" 304 0
"GET /static/admin/css/nav_sidebar.css HTTP/1.1" 304 0
"GET /static/admin/css/base.css HTTP/1.1" 304 0
"GET /static/admin/css/responsive.css HTTP/1.1" 304 0
"GET /static/admin/css/dark_mode.css HTTP/1.1" 304 0
"GET /admin/jsi18n/ HTTP/1.1" 200 3343
"GET /static/admin/img/icon-yes.svg HTTP/1.1" 304 0
"GET /static/admin/js/theme.js HTTP/1.1" 304 0
"GET /static/admin/js/nav_sidebar.js HTTP/1.1" 304 0
"GET /admin/ HTTP/1.1" 200 22850
"GET /static/admin/css/dashboard.css HTTP/1.1" 304 0
"GET /static/admin/img/icon-deletelink.svg HTTP/1.1" 200 392
"GET /admin/retailers/retailerprofile/add/ HTTP/1.1" 200 36368
"GET /static/admin/img/icon-changelink.svg HTTP/1.1" 304 0
"GET /admin/jsi18n/ HTTP/1.1" 200 3343
"GET /static/admin/img/icon-viewlink.svg HTTP/1.1" 200 581
"POST /admin/retailers/retailerprofile/add/ HTTP/1.1" 200 36667
"GET /static/admin/js/admin/RelatedObjectLookups.js HTTP/1.1" 304 0
"GET /static/admin/js/vendor/jquery/jquery.js HTTP/1.1" 304 0
"GET /static/admin/js/core.js HTTP/1.1" 304 0
"GET /static/admin/js/actions.js HTTP/1.1" 304 0
"GET /static/admin/js/jquery.init.js HTTP/1.1" 304 0
"GET /static/admin/js/urlify.js HTTP/1.1" 304 0
"GET /static/admin/js/prepopulate.js HTTP/1.1" 304 0
"GET /static/admin/js/vendor/xregexp/xregexp.js HTTP/1.1" 304 0
"GET /admin/jsi18n/ HTTP/1.1" 200 3343
"POST /admin/retailers/retailerprofile/add/ HTTP/1.1" 302 0
"GET /admin/retailers/retailerprofile/ HTTP/1.1" 200 23992
"GET /static/admin/css/changelists.css HTTP/1.1" 304 0
"GET /static/admin/js/filters.js HTTP/1.1" 304 0
"GET /admin/jsi18n/ HTTP/1.1" 200 3343
"GET /admin/ HTTP/1.1" 200 23171
"GET /static/admin/css/base.css HTTP/1.1" 304 0
"GET /static/admin/css/responsive.css HTTP/1.1" 304 0
"GET /static/admin/css/nav_sidebar.css HTTP/1.1" 304 0
"GET /static/admin/css/dark_mode.css HTTP/1.1" 304 0
"GET /static/admin/js/theme.js HTTP/1.1" 304 0
"GET /static/admin/js/nav_sidebar.js HTTP/1.1" 304 0
"GET /static/admin/img/icon-addlink.svg HTTP/1.1" 304 0
"GET /admin/products/productcategory/add/ HTTP/1.1" 200 22903
"GET /static/admin/css/forms.css HTTP/1.1" 304 0
"GET /admin/jsi18n/ HTTP/1.1" 200 3343
"GET /static/admin/js/prepopulate_init.js HTTP/1.1" 304 0
"GET /static/admin/css/widgets.css HTTP/1.1" 304 0
"GET /static/admin/js/change_form.js HTTP/1.1" 304 0
"POST /admin/products/productcategory/add/ HTTP/1.1" 302 0
"GET /admin/products/productcategory/ HTTP/1.1" 200 22830
"GET /static/admin/img/search.svg HTTP/1.1" 304 0
"GET /static/admin/img/icon-yes.svg HTTP/1.1" 304 0
"GET /admin/jsi18n/ HTTP/1.1" 200 3343
"GET /static/admin/img/tooltag-add.svg HTTP/1.1" 304 0
"GET /static/admin/img/sorting-icons.svg HTTP/1.1" 304 0
"GET /admin/products/productcategory/add/ HTTP/1.1" 200 22943
"GET /static/admin/img/icon-changelink.svg HTTP/1.1" 304 0
"GET /static/admin/img/icon-viewlink.svg HTTP/1.1" 304 0
"GET /admin/jsi18n/ HTTP/1.1" 200 3343
"POST /admin/products/productcategory/add/ HTTP/1.1" 302 0
"GET /admin/products/productcategory/ HTTP/1.1" 200 23310
"GET /admin/jsi18n/ HTTP/1.1" 200 3343
"GET /admin/products/product/add/ HTTP/1.1" 200 40145
"GET /admin/jsi18n/ HTTP/1.1" 200 3343
"GET /static/admin/img/icon-deletelink.svg HTTP/1.1" 304 0
"POST /admin/products/product/add/ HTTP/1.1" 302 0
"GET /admin/products/product/ HTTP/1.1" 200 25083
"GET /static/admin/css/changelists.css HTTP/1.1" 304 0
"GET /static/admin/js/core.js HTTP/1.1" 304 0
"GET /static/admin/js/vendor/jquery/jquery.js HTTP/1.1" 304 0
"GET /static/admin/js/jquery.init.js HTTP/1.1" 304 0
"GET /static/admin/js/admin/RelatedObjectLookups.js HTTP/1.1" 304 0
"GET /static/admin/js/urlify.js HTTP/1.1" 304 0
"GET /static/admin/js/vendor/xregexp/xregexp.js HTTP/1.1" 304 0
"GET /static/admin/js/prepopulate.js HTTP/1.1" 304 0
"GET /admin/jsi18n/ HTTP/1.1" 200 3343
"GET /static/admin/js/actions.js HTTP/1.1" 304 0
"GET /static/admin/js/filters.js HTTP/1.1" 304 0
"GET /admin/retailers/retailerprofile/ HTTP/1.1" 200 23757
"GET /static/admin/css/base.css HTTP/1.1" 304 0
"GET /static/admin/css/dark_mode.css HTTP/1.1" 304 0
"GET /static/admin/css/nav_sidebar.css HTTP/1.1" 304 0
"GET /static/admin/css/responsive.css HTTP/1.1" 304 0
"GET /static/admin/css/changelists.css HTTP/1.1" 304 0
"GET /static/admin/js/vendor/jquery/jquery.js HTTP/1.1" 304 0
"GET /static/admin/js/actions.js HTTP/1.1" 304 0
"GET /static/admin/js/core.js HTTP/1.1" 304 0
"GET /static/admin/js/prepopulate.js HTTP/1.1" 304 0
"GET /static/admin/js/jquery.init.js HTTP/1.1" 304 0
"GET /static/admin/js/urlify.js HTTP/1.1" 304 0
"GET /static/admin/js/admin/RelatedObjectLookups.js HTTP/1.1" 304 0
"GET /static/admin/js/vendor/xregexp/xregexp.js HTTP/1.1" 304 0
"GET /static/admin/img/search.svg HTTP/1.1" 304 0
"GET /admin/jsi18n/ HTTP/1.1" 200 3343
"GET /static/admin/img/icon-yes.svg HTTP/1.1" 304 0
"GET /static/admin/js/nav_sidebar.js HTTP/1.1" 304 0
"GET /static/admin/js/theme.js HTTP/1.1" 304 0
"GET /static/admin/js/filters.js HTTP/1.1" 304 0
"GET /static/admin/img/icon-addlink.svg HTTP/1.1" 304 0
"GET /static/admin/img/tooltag-add.svg HTTP/1.1" 304 0
"GET /static/admin/img/sorting-icons.svg HTTP/1.1" 304 0
"GET /admin/token_blacklist/outstandingtoken/ HTTP/1.1" 200 18925
"GET /admin HTTP/1.1" 301 0
"GET /admin/ HTTP/1.1" 200 24097
"GET /static/admin/css/base.css HTTP/1.1" 304 0
"GET /static/admin/css/dark_mode.css HTTP/1.1" 304 0
"GET /static/admin/css/responsive.css HTTP/1.1" 304 0
"GET /static/admin/css/dashboard.css HTTP/1.1" 304 0
"GET /static/admin/css/nav_sidebar.css HTTP/1.1" 304 0
"GET /static/admin/js/theme.js HTTP/1.1" 304 0
"GET /static/admin/js/nav_sidebar.js HTTP/1.1" 304 0
"GET /static/admin/img/icon-changelink.svg HTTP/1.1" 304 0
"GET /static/admin/img/icon-addlink.svg HTTP/1.1" 304 0
"GET /static/admin/img/icon-deletelink.svg HTTP/1.1" 304 0
"GET /admin/retailers/retailerprofile/1/change/ HTTP/1.1" 200 36793
"GET /static/admin/css/forms.css HTTP/1.1" 304 0
"GET /static/admin/js/vendor/jquery/jquery.js HTTP/1.1" 304 0
"GET /static/admin/js/urlify.js HTTP/1.1" 304 0
"GET /static/admin/js/core.js HTTP/1.1" 304 0
"GET /static/admin/js/jquery.init.js HTTP/1.1" 304 0
"GET /static/admin/js/admin/RelatedObjectLookups.js HTTP/1.1" 304 0
"GET /static/admin/js/actions.js HTTP/1.1" 304 0
"GET /static/admin/js/vendor/xregexp/xregexp.js HTTP/1.1" 304 0
"GET /static/admin/js/prepopulate.js HTTP/1.1" 304 0
"GET /static/admin/css/widgets.css HTTP/1.1" 304 0
"GET /static/admin/img/icon-viewlink.svg HTTP/1.1" 304 0
"GET /admin/jsi18n/ HTTP/1.1" 200 3343
"GET /static/admin/js/prepopulate_init.js HTTP/1.1" 304 0
"GET /static/admin/js/change_form.js HTTP/1.1" 304 0
Watching for file changes with StatReloader
"GET /admin/retailers/retailerprofile HTTP/1.1" 301 0
"GET /admin/retailers/retailerprofile/ HTTP/1.1" 200 23757
"GET /static/admin/css/base.css HTTP/1.1" 304 0
"GET /static/admin/css/dark_mode.css HTTP/1.1" 304 0
"GET /static/admin/css/nav_sidebar.css HTTP/1.1" 304 0
"GET /static/admin/js/vendor/jquery/jquery.js HTTP/1.1" 304 0
"GET /static/admin/css/changelists.css HTTP/1.1" 304 0
"GET /static/admin/css/responsive.css HTTP/1.1" 304 0
"GET /static/admin/js/core.js HTTP/1.1" 304 0
"GET /static/admin/js/jquery.init.js HTTP/1.1" 304 0
"GET /static/admin/js/actions.js HTTP/1.1" 304 0
"GET /static/admin/js/admin/RelatedObjectLookups.js HTTP/1.1" 304 0
"GET /admin/jsi18n/ HTTP/1.1" 200 3343
"GET /static/admin/js/urlify.js HTTP/1.1" 304 0
"GET /static/admin/js/prepopulate.js HTTP/1.1" 304 0
"GET /static/admin/js/vendor/xregexp/xregexp.js HTTP/1.1" 304 0
"GET /static/admin/img/search.svg HTTP/1.1" 304 0
"GET /static/admin/img/icon-yes.svg HTTP/1.1" 304 0
"GET /static/admin/js/theme.js HTTP/1.1" 304 0
"GET /static/admin/js/nav_sidebar.js HTTP/1.1" 304 0
"GET /static/admin/js/filters.js HTTP/1.1" 304 0
"GET /static/admin/img/icon-addlink.svg HTTP/1.1" 304 0
"GET /static/admin/img/tooltag-add.svg HTTP/1.1" 304 0
"GET /static/admin/img/sorting-icons.svg HTTP/1.1" 304 0
"GET /admin/retailers/retailerprofile/1/change/ HTTP/1.1" 200 36793
"GET /static/admin/css/forms.css HTTP/1.1" 304 0
"GET /static/admin/img/icon-viewlink.svg HTTP/1.1" 304 0
"GET /static/admin/img/icon-changelink.svg HTTP/1.1" 304 0
"GET /admin/jsi18n/ HTTP/1.1" 200 3343
"GET /static/admin/css/widgets.css HTTP/1.1" 304 0
"GET /static/admin/js/prepopulate_init.js HTTP/1.1" 304 0
"GET /static/admin/js/change_form.js HTTP/1.1" 304 0
Watching for file changes with StatReloader
Watching for file changes with StatReloader
"POST /api/auth/retailer/login/ HTTP/1.1" 200 748
"POST /api/auth/retailer/login/ HTTP/1.1" 200 748
"POST /api/auth/retailer/login/ HTTP/1.1" 200 748
"GET /api/products/ HTTP/1.1" 200 447
"GET /api/products/ HTTP/1.1" 200 447
"POST /api/products/create/ HTTP/1.1" 201 602
"GET /api/products/ HTTP/1.1" 200 803
"POST /api/auth/retailer/login/ HTTP/1.1" 200 748
"GET /api/products/ HTTP/1.1" 200 803
"GET /api/orders/current/ HTTP/1.1" 200 52
"GET /api/orders/history/ HTTP/1.1" 200 52
"GET /api/orders/current/ HTTP/1.1" 200 52
Unauthorized: /api/products/
"GET /api/products/ HTTP/1.1" 401 183
Unauthorized: /api/orders/current/
"GET /api/orders/current/ HTTP/1.1" 401 183
Watching for file changes with StatReloader
Not Found: /api/auth/customer/login/
"POST /api/auth/customer/login/ HTTP/1.1" 404 39
C:\Users\user\Desktop\online_files\retailer_customer_platform_main\customers\models.py changed, reloading.
C:\Users\user\Desktop\online_files\retailer_customer_platform_main\customers\models.py changed, reloading.
C:\Users\user\Desktop\online_files\retailer_customer_platform_main\customers\models.py changed, reloading.
C:\Users\user\Desktop\online_files\retailer_customer_platform_main\customers\models.py changed, reloading.
Watching for file changes with StatReloader
Watching for file changes with StatReloader
Watching for file changes with StatReloader
Watching for file changes with StatReloader
C:\Users\user\Desktop\online_files\retailer_customer_platform_main\customers\models.py changed, reloading.
C:\Users\user\Desktop\online_files\retailer_customer_platform_main\customers\models.py changed, reloading.
C:\Users\user\Desktop\online_files\retailer_customer_platform_main\customers\models.py changed, reloading.
C:\Users\user\Desktop\online_files\retailer_customer_platform_main\customers\models.py changed, reloading.
Watching for file changes with StatReloader
Watching for file changes with StatReloader
Watching for file changes with StatReloader
Watching for file changes with StatReloader
C:\Users\user\Desktop\online_files\retailer_customer_platform_main\customers\models.py changed, reloading.
C:\Users\user\Desktop\online_files\retailer_customer_platform_main\customers\models.py changed, reloading.
C:\Users\user\Desktop\online_files\retailer_customer_platform_main\customers\models.py changed, reloading.
C:\Users\user\Desktop\online_files\retailer_customer_platform_main\customers\models.py changed, reloading.
Watching for file changes with StatReloader
Watching for file changes with StatReloader
Watching for file changes with StatReloader
Watching for file changes with StatReloader
C:\Users\user\Desktop\online_files\retailer_customer_platform_main\authentication\views.py changed, reloading.
C:\Users\user\Desktop\online_files\retailer_customer_platform_main\authentication\views.py changed, reloading.
C:\Users\user\Desktop\online_files\retailer_customer_platform_main\authentication\views.py changed, reloading.
Watching for file changes with StatReloader
Watching for file changes with StatReloader
Watching for file changes with StatReloader
C:\Users\user\Desktop\online_files\retailer_customer_platform_main\authentication\views.py changed, reloading.
C:\Users\user\Desktop\online_files\retailer_customer_platform_main\authentication\views.py changed, reloading.
C:\Users\user\Desktop\online_files\retailer_customer_platform_main\authentication\views.py changed, reloading.
Watching for file changes with StatReloader
Watching for file changes with StatReloader
Watching for file changes with StatReloader
C:\Users\user\Desktop\online_files\retailer_customer_platform_main\authentication\views.py changed, reloading.
C:\Users\user\Desktop\online_files\retailer_customer_platform_main\authentication\views.py changed, reloading.
C:\Users\user\Desktop\online_files\retailer_customer_platform_main\authentication\views.py changed, reloading.
Watching for file changes with StatReloader
Watching for file changes with StatReloader
Watching for file changes with StatReloader
Watching for file changes with StatReloader
C:\Users\user\Desktop\online_files\retailer_customer_platform_main\authentication\serializers.py changed, reloading.
C:\Users\user\Desktop\online_files\retailer_customer_platform_main\authentication\serializers.py changed, reloading.
C:\Users\user\Desktop\online_files\retailer_customer_platform_main\authentication\serializers.py changed, reloading.
C:\Users\user\Desktop\online_files\retailer_customer_platform_main\authentication\serializers.py changed, reloading.
Watching for file changes with StatReloader
Watching for file changes with StatReloader
Watching for file changes with StatReloader
Watching for file changes with StatReloader
C:\Users\user\Desktop\online_files\retailer_customer_platform_main\authentication\views.py changed, reloading.
C:\Users\user\Desktop\online_files\retailer_customer_platform_main\authentication\views.py changed, reloading.
C:\Users\user\Desktop\online_files\retailer_customer_platform_main\authentication\views.py changed, reloading.
C:\Users\user\Desktop\online_files\retailer_customer_platform_main\authentication\views.py changed, reloading.
Watching for file changes with StatReloader
Watching for file changes with StatReloader
Watching for file changes with StatReloader
Watching for file changes with StatReloader
C:\Users\user\Desktop\online_files\retailer_customer_platform_main\authentication\views.py changed, reloading.
C:\Users\user\Desktop\online_files\retailer_customer_platform_main\authentication\views.py changed, reloading.
C:\Users\user\Desktop\online_files\retailer_customer_platform_main\authentication\views.py changed, reloading.
C:\Users\user\Desktop\online_files\retailer_customer_platform_main\authentication\views.py changed, reloading.
Watching for file changes with StatReloader
Watching for file changes with StatReloader
Watching for file changes with StatReloader
Watching for file changes with StatReloader
C:\Users\user\Desktop\online_files\retailer_customer_platform_main\authentication\urls.py changed, reloading.
C:\Users\user\Desktop\online_files\retailer_customer_platform_main\authentication\urls.py changed, reloading.
C:\Users\user\Desktop\online_files\retailer_customer_platform_main\authentication\urls.py changed, reloading.
Watching for file changes with StatReloader
Watching for file changes with StatReloader
Watching for file changes with StatReloader
Watching for file changes with StatReloader
C:\Users\user\Desktop\online_files\retailer_customer_platform_main\authentication\serializers.py changed, reloading.
C:\Users\user\Desktop\online_files\retailer_customer_platform_main\authentication\serializers.py changed, reloading.
C:\Users\user\Desktop\online_files\retailer_customer_platform_main\authentication\serializers.py changed, reloading.
C:\Users\user\Desktop\online_files\retailer_customer_platform_main\authentication\serializers.py changed, reloading.
Watching for file changes with StatReloader
Watching for file changes with StatReloader
Watching for file changes with StatReloader
Watching for file changes with StatReloader
C:\Users\user\Desktop\online_files\retailer_customer_platform_main\authentication\views.py changed, reloading.
C:\Users\user\Desktop\online_files\retailer_customer_platform_main\authentication\views.py changed, reloading.
C:\Users\user\Desktop\online_files\retailer_customer_platform_main\authentication\views.py changed, reloading.
C:\Users\user\Desktop\online_files\retailer_customer_platform_main\authentication\views.py changed, reloading.
Watching for file changes with StatReloader
Watching for file changes with StatReloader
Watching for file changes with StatReloader
Watching for file changes with StatReloader
C:\Users\user\Desktop\online_files\retailer_customer_platform_main\authentication\views.py changed, reloading.
C:\Users\user\Desktop\online_files\retailer_customer_platform_main\authentication\views.py changed, reloading.
C:\Users\user\Desktop\online_files\retailer_customer_platform_main\authentication\views.py changed, reloading.
C:\Users\user\Desktop\online_files\retailer_customer_platform_main\authentication\views.py changed, reloading.
Watching for file changes with StatReloader
Watching for file changes with StatReloader
Watching for file changes with StatReloader
Watching for file changes with StatReloader
C:\Users\user\Desktop\online_files\retailer_customer_platform_main\authentication\views.py changed, reloading.
C:\Users\user\Desktop\online_files\retailer_customer_platform_main\authentication\views.py changed, reloading.
C:\Users\user\Desktop\online_files\retailer_customer_platform_main\authentication\views.py changed, reloading.
C:\Users\user\Desktop\online_files\retailer_customer_platform_main\authentication\views.py changed, reloading.
Watching for file changes with StatReloader
Watching for file changes with StatReloader
Watching for file changes with StatReloader
Watching for file changes with StatReloader
C:\Users\user\Desktop\online_files\retailer_customer_platform_main\authentication\views.py changed, reloading.
C:\Users\user\Desktop\online_files\retailer_customer_platform_main\authentication\views.py changed, reloading.
C:\Users\user\Desktop\online_files\retailer_customer_platform_main\authentication\views.py changed, reloading.
C:\Users\user\Desktop\online_files\retailer_customer_platform_main\authentication\views.py changed, reloading.
Watching for file changes with StatReloader
Watching for file changes with StatReloader
Watching for file changes with StatReloader
Watching for file changes with StatReloader
C:\Users\user\Desktop\online_files\retailer_customer_platform_main\authentication\views.py changed, reloading.
C:\Users\user\Desktop\online_files\retailer_customer_platform_main\authentication\views.py changed, reloading.
C:\Users\user\Desktop\online_files\retailer_customer_platform_main\authentication\views.py changed, reloading.
C:\Users\user\Desktop\online_files\retailer_customer_platform_main\authentication\views.py changed, reloading.
Watching for file changes with StatReloader
Watching for file changes with StatReloader
Watching for file changes with StatReloader
Watching for file changes with StatReloader
C:\Users\user\Desktop\online_files\retailer_customer_platform_main\authentication\views.py changed, reloading.
C:\Users\user\Desktop\online_files\retailer_customer_platform_main\authentication\views.py changed, reloading.
C:\Users\user\Desktop\online_files\retailer_customer_platform_main\authentication\views.py changed, reloading.
C:\Users\user\Desktop\online_files\retailer_customer_platform_main\authentication\views.py changed, reloading.
Watching for file changes with StatReloader
Watching for file changes with StatReloader
Watching for file changes with StatReloader
Watching for file changes with StatReloader
C:\Users\user\Desktop\online_files\retailer_customer_platform_main\authentication\serializers.py changed, reloading.
C:\Users\user\Desktop\online_files\retailer_customer_platform_main\authentication\serializers.py changed, reloading.
C:\Users\user\Desktop\online_files\retailer_customer_platform_main\authentication\serializers.py changed, reloading.
C:\Users\user\Desktop\online_files\retailer_customer_platform_main\authentication\serializers.py changed, reloading.
Watching for file changes with StatReloader
Watching for file changes with StatReloader
Watching for file changes with StatReloader
Watching for file changes with StatReloader
C:\Users\user\Desktop\online_files\retailer_customer_platform_main\authentication\serializers.py changed, reloading.
C:\Users\user\Desktop\online_files\retailer_customer_platform_main\authentication\serializers.py changed, reloading.
C:\Users\user\Desktop\online_files\retailer_customer_platform_main\authentication\serializers.py changed, reloading.
C:\Users\user\Desktop\online_files\retailer_customer_platform_main\authentication\serializers.py changed, reloading.
Watching for file changes with StatReloader
Watching for file changes with StatReloader
Watching for file changes with StatReloader
Watching for file changes with StatReloader
C:\Users\user\Desktop\online_files\retailer_customer_platform_main\authentication\views.py changed, reloading.
C:\Users\user\Desktop\online_files\retailer_customer_platform_main\authentication\views.py changed, reloading.
C:\Users\user\Desktop\online_files\retailer_customer_platform_main\authentication\views.py changed, reloading.
C:\Users\user\Desktop\online_files\retailer_customer_platform_main\authentication\views.py changed, reloading.
Watching for file changes with StatReloader
Watching for file changes with StatReloader
Watching for file changes with StatReloader
Watching for file changes with StatReloader
C:\Users\user\Desktop\online_files\retailer_customer_platform_main\authentication\urls.py changed, reloading.
C:\Users\user\Desktop\online_files\retailer_customer_platform_main\authentication\urls.py changed, reloading.
C:\Users\user\Desktop\online_files\retailer_customer_platform_main\authentication\urls.py changed, reloading.
C:\Users\user\Desktop\online_files\retailer_customer_platform_main\authentication\urls.py changed, reloading.
Watching for file changes with StatReloader
Watching for file changes with StatReloader
Watching for file changes with StatReloader
Watching for file changes with StatReloader
Watching for file changes with StatReloader
Watching for file changes with StatReloader
"GET /admin/retailers/retailerprofile/1/change/ HTTP/1.1" 200 36839
"GET /admin/retailers/retailerprofile HTTP/1.1" 301 0
"GET /admin/retailers/retailerprofile/ HTTP/1.1" 200 23757
"GET /static/admin/css/base.css HTTP/1.1" 304 0
"GET /static/admin/css/nav_sidebar.css HTTP/1.1" 304 0
"GET /static/admin/css/changelists.css HTTP/1.1" 304 0
"GET /static/admin/css/dark_mode.css HTTP/1.1" 304 0
"GET /static/admin/css/responsive.css HTTP/1.1" 304 0
"GET /static/admin/js/jquery.init.js HTTP/1.1" 304 0
"GET /static/admin/js/vendor/jquery/jquery.js HTTP/1.1" 304 0
"GET /static/admin/js/core.js HTTP/1.1" 304 0
"GET /static/admin/js/admin/RelatedObjectLookups.js HTTP/1.1" 304 0
"GET /admin/jsi18n/ HTTP/1.1" 200 3343
"GET /static/admin/js/urlify.js HTTP/1.1" 304 0
"GET /static/admin/js/actions.js HTTP/1.1" 304 0
"GET /static/admin/js/prepopulate.js HTTP/1.1" 304 0
"GET /static/admin/js/vendor/xregexp/xregexp.js HTTP/1.1" 304 0
"GET /static/admin/img/search.svg HTTP/1.1" 304 0
"GET /static/admin/img/icon-yes.svg HTTP/1.1" 304 0
"GET /static/admin/js/filters.js HTTP/1.1" 304 0
"GET /static/admin/js/theme.js HTTP/1.1" 304 0
"GET /static/admin/js/nav_sidebar.js HTTP/1.1" 304 0
"GET /static/admin/img/tooltag-add.svg HTTP/1.1" 304 0
"GET /static/admin/img/sorting-icons.svg HTTP/1.1" 304 0
"GET /admin/ HTTP/1.1" 200 24097
"GET /static/admin/css/dashboard.css HTTP/1.1" 304 0
"GET /static/admin/img/icon-deletelink.svg HTTP/1.1" 304 0
"GET /static/admin/img/icon-changelink.svg HTTP/1.1" 304 0
Unauthorized: /api/auth/customer/login-with-password/
"POST /api/auth/customer/login-with-password/ HTTP/1.1" 401 183
Unauthorized: /api/auth/customer/login-with-password/
"POST /api/auth/customer/login-with-password/ HTTP/1.1" 401 183
Unauthorized: /api/auth/customer/login-with-password/
"POST /api/auth/customer/login-with-password/ HTTP/1.1" 401 183
Unauthorized: /api/auth/customer/login-with-password/
"POST /api/auth/customer/login-with-password/ HTTP/1.1" 401 183
Unauthorized: /api/auth/customer/login-with-password/
"POST /api/auth/customer/login-with-password/ HTTP/1.1" 401 183
Unauthorized: /api/auth/customer/login-with-password/
"POST /api/auth/customer/login-with-password/ HTTP/1.1" 401 183
Unauthorized: /api/auth/customer/signup/
"POST /api/auth/customer/signup/ HTTP/1.1" 401 183
Unauthorized: /api/auth/customer/login-with-password/
"POST /api/auth/customer/login-with-password/ HTTP/1.1" 401 183
C:\Users\user\Desktop\online_files\retailer_customer_platform_main\ordering_platform\settings.py changed, reloading.
Watching for file changes with StatReloader
C:\Users\user\Desktop\online_files\retailer_customer_platform_main\authentication\views.py changed, reloading.
Watching for file changes with StatReloader
Unauthorized: /api/auth/customer/signup/
"POST /api/auth/customer/signup/ HTTP/1.1" 401 183
Unauthorized: /api/auth/customer/login-with-password/
"POST /api/auth/customer/login-with-password/ HTTP/1.1" 401 183
Unauthorized: /api/auth/customer/signup/
"POST /api/auth/customer/signup/ HTTP/1.1" 401 183
Unauthorized: /api/auth/customer/signup/
"POST /api/auth/customer/signup/ HTTP/1.1" 401 183
Unauthorized: /api/auth/customer/login-with-password/
"POST /api/auth/customer/login-with-password/ HTTP/1.1" 401 183
C:\Users\user\Desktop\online_files\retailer_customer_platform_main\authentication\views.py changed, reloading.
Watching for file changes with StatReloader
Unauthorized: /api/auth/customer/login-with-password/
"POST /api/auth/customer/login-with-password/ HTTP/1.1" 401 183
Unauthorized: /api/auth/customer/signup/
"POST /api/auth/customer/signup/ HTTP/1.1" 401 183
Unauthorized: /api/auth/customer/login-with-password/
"POST /api/auth/customer/login-with-password/ HTTP/1.1" 401 183
Unauthorized: /api/auth/customer/login-with-password/
"POST /api/auth/customer/login-with-password/ HTTP/1.1" 401 183
"GET /admin/authentication/user/2/change/ HTTP/1.1" 302 0
"GET /admin/ HTTP/1.1" 200 24264
"GET /static/admin/img/icon-addlink.svg HTTP/1.1" 304 0
"GET /static/admin/img/icon-alert.svg HTTP/1.1" 200 504
"GET /admin/authentication/user/2/change/ HTTP/1.1" 302 0
"GET /admin/ HTTP/1.1" 200 24264
"GET /admin/authentication/user/add/ HTTP/1.1" 200 21805
"GET /static/admin/css/forms.css HTTP/1.1" 304 0
"GET /static/admin/js/prepopulate_init.js HTTP/1.1" 304 0
"GET /static/admin/css/widgets.css HTTP/1.1" 304 0
"GET /admin/jsi18n/ HTTP/1.1" 200 3343
"GET /static/admin/js/change_form.js HTTP/1.1" 304 0
"POST /admin/authentication/user/add/ HTTP/1.1" 200 21963
"GET /admin/jsi18n/ HTTP/1.1" 200 3343
"POST /admin/authentication/user/add/ HTTP/1.1" 302 0
"GET /admin/authentication/user/4/change/ HTTP/1.1" 200 44466
"GET /static/admin/js/calendar.js HTTP/1.1" 304 0
"GET /static/admin/js/SelectBox.js HTTP/1.1" 304 0
"GET /static/admin/js/admin/DateTimeShortcuts.js HTTP/1.1" 304 0
"GET /static/admin/js/SelectFilter2.js HTTP/1.1" 304 0
"GET /admin/jsi18n/ HTTP/1.1" 200 3343
"GET /static/admin/img/icon-calendar.svg HTTP/1.1" 304 0
"GET /static/admin/img/selector-icons.svg HTTP/1.1" 304 0
"GET /static/admin/img/icon-unknown-alt.svg HTTP/1.1" 304 0
"GET /static/admin/img/icon-unknown.svg HTTP/1.1" 304 0
"GET /static/admin/img/icon-clock.svg HTTP/1.1" 304 0
"POST /admin/authentication/user/4/change/ HTTP/1.1" 200 44539
"GET /admin/jsi18n/ HTTP/1.1" 200 3343
"GET /admin/authentication/user/ HTTP/1.1" 200 24705
"GET /static/admin/img/icon-no.svg HTTP/1.1" 304 0
"GET /admin/jsi18n/ HTTP/1.1" 200 3343
"POST /admin/authentication/user/ HTTP/1.1" 200 18923
"GET /static/admin/js/cancel.js HTTP/1.1" 304 0
"POST /admin/authentication/user/ HTTP/1.1" 302 0
"GET /admin/authentication/user/ HTTP/1.1" 200 23694
"GET /admin/jsi18n/ HTTP/1.1" 200 3343
"GET /admin/authentication/user/add/ HTTP/1.1" 200 21805
"GET /admin/jsi18n/ HTTP/1.1" 200 3343
"POST /admin/authentication/user/add/ HTTP/1.1" 302 0
"GET /admin/authentication/user/5/change/ HTTP/1.1" 200 44486
"GET /admin/jsi18n/ HTTP/1.1" 200 3343
"POST /admin/authentication/user/5/change/ HTTP/1.1" 302 0
"GET /admin/authentication/user/ HTTP/1.1" 200 24374
"GET /admin/jsi18n/ HTTP/1.1" 200 3343
Unauthorized: /api/auth/customer/login-with-password/
"POST /api/auth/customer/login-with-password/ HTTP/1.1" 401 183
Bad Request: /api/auth/customer/login-with-password/
"POST /api/auth/customer/login-with-password/ HTTP/1.1" 400 63
"POST /api/auth/customer/signup/ HTTP/1.1" 201 46
Bad Request: /api/auth/customer/login-with-password/
"POST /api/auth/customer/login-with-password/ HTTP/1.1" 400 63
"GET /admin/authentication/user/ HTTP/1.1" 200 24759
"GET /static/admin/css/base.css HTTP/1.1" 304 0
"GET /static/admin/css/dark_mode.css HTTP/1.1" 304 0
"GET /static/admin/css/changelists.css HTTP/1.1" 304 0
"GET /static/admin/css/nav_sidebar.css HTTP/1.1" 304 0
"GET /static/admin/js/core.js HTTP/1.1" 304 0
"GET /static/admin/css/responsive.css HTTP/1.1" 304 0
"GET /static/admin/js/vendor/jquery/jquery.js HTTP/1.1" 304 0
"GET /static/admin/js/jquery.init.js HTTP/1.1" 304 0
"GET /static/admin/js/admin/RelatedObjectLookups.js HTTP/1.1" 304 0
"GET /static/admin/js/actions.js HTTP/1.1" 304 0
"GET /admin/jsi18n/ HTTP/1.1" 200 3343
"GET /static/admin/js/prepopulate.js HTTP/1.1" 304 0
"GET /static/admin/js/urlify.js HTTP/1.1" 304 0
"GET /static/admin/img/search.svg HTTP/1.1" 304 0
"GET /static/admin/js/vendor/xregexp/xregexp.js HTTP/1.1" 304 0
"GET /static/admin/img/icon-yes.svg HTTP/1.1" 304 0
"GET /static/admin/js/theme.js HTTP/1.1" 304 0
"GET /static/admin/js/filters.js HTTP/1.1" 304 0
"GET /static/admin/js/nav_sidebar.js HTTP/1.1" 304 0
"GET /static/admin/img/tooltag-add.svg HTTP/1.1" 304 0
"GET /static/admin/img/sorting-icons.svg HTTP/1.1" 304 0
Bad Request: /api/auth/customer/login-with-password/
"POST /api/auth/customer/login-with-password/ HTTP/1.1" 400 63
Bad Request: /api/auth/customer/login-with-password/
"POST /api/auth/customer/login-with-password/ HTTP/1.1" 400 63
"GET /admin/authentication/user/5/change/ HTTP/1.1" 200 44337
"GET /admin/jsi18n/ HTTP/1.1" 200 3343
"POST /admin/authentication/user/5/change/ HTTP/1.1" 302 0
"GET /admin/authentication/user/ HTTP/1.1" 200 24973
"GET /admin/jsi18n/ HTTP/1.1" 200 3343
Bad Request: /api/auth/customer/login-with-password/
"POST /api/auth/customer/login-with-password/ HTTP/1.1" 400 63
Bad Request: /api/auth/customer/login-with-password/
"POST /api/auth/customer/login-with-password/ HTTP/1.1" 400 63
"POST /admin/authentication/user/ HTTP/1.1" 200 18786
"POST /admin/authentication/user/ HTTP/1.1" 302 0
"GET /admin/authentication/user/ HTTP/1.1" 200 24294
"GET /admin/jsi18n/ HTTP/1.1" 200 3343
"GET /admin/authentication/user/5/change/ HTTP/1.1" 200 45685
"GET /admin/jsi18n/ HTTP/1.1" 200 3343
"POST /admin/authentication/user/5/change/ HTTP/1.1" 302 0
"GET /admin/authentication/user/ HTTP/1.1" 200 24374
"GET /admin/jsi18n/ HTTP/1.1" 200 3343
Bad Request: /api/auth/customer/login-with-password/
"POST /api/auth/customer/login-with-password/ HTTP/1.1" 400 63
Bad Request: /api/auth/customer/login-with-password/
"POST /api/auth/customer/login-with-password/ HTTP/1.1" 400 63
"POST /api/auth/customer/signup/ HTTP/1.1" 201 46
Bad Request: /api/auth/customer/login-with-password/
"POST /api/auth/customer/login-with-password/ HTTP/1.1" 400 63
"GET /admin/authentication/user/ HTTP/1.1" 200 24734
"GET /admin/jsi18n/ HTTP/1.1" 200 3343
"GET /admin/authentication/user/7/change/ HTTP/1.1" 200 44252
"GET /admin/jsi18n/ HTTP/1.1" 200 3343
"POST /admin/authentication/user/7/change/ HTTP/1.1" 302 0
"GET /admin/authentication/user/ HTTP/1.1" 200 24956
"GET /admin/jsi18n/ HTTP/1.1" 200 3343
"POST /api/auth/customer/login-with-password/ HTTP/1.1" 200 704
"GET /api/auth/profile/ HTTP/1.1" 200 201
"GET /admin/products/productcategory/ HTTP/1.1" 200 23086
"GET /admin/jsi18n/ HTTP/1.1" 200 3343
"GET /admin/cart/carthistory/add/ HTTP/1.1" 200 27085
"GET /static/admin/img/icon-changelink.svg HTTP/1.1" 304 0
"GET /static/admin/img/icon-viewlink.svg HTTP/1.1" 304 0
"GET /admin/jsi18n/ HTTP/1.1" 200 3343
"GET /static/admin/img/icon-deletelink.svg HTTP/1.1" 304 0
"GET /admin/products/productcategory/add/ HTTP/1.1" 200 22985
"GET /admin/jsi18n/ HTTP/1.1" 200 3343
"POST /admin/products/productcategory/add/ HTTP/1.1" 302 0
"GET /admin/products/productcategory/ HTTP/1.1" 200 23765
"GET /admin/jsi18n/ HTTP/1.1" 200 3343
"GET /admin/products/productcategory/add/ HTTP/1.1" 200 23020
"GET /admin/jsi18n/ HTTP/1.1" 200 3343
"POST /admin/products/productcategory/add/ HTTP/1.1" 302 0
"GET /admin/products/productcategory/ HTTP/1.1" 200 24245
"GET /admin/jsi18n/ HTTP/1.1" 200 3343
"GET /admin/products/product/add/ HTTP/1.1" 200 40221
"GET /admin/jsi18n/ HTTP/1.1" 200 3343
"POST /admin/products/product/add/ HTTP/1.1" 302 0
"GET /admin/products/product/ HTTP/1.1" 200 26337
"GET /admin/jsi18n/ HTTP/1.1" 200 3343
"GET /admin/products/product/add/ HTTP/1.1" 200 40221
"GET /admin/jsi18n/ HTTP/1.1" 200 3343
"POST /admin/products/product/add/ HTTP/1.1" 302 0
"GET /admin/products/product/ HTTP/1.1" 200 26906
"GET /admin/jsi18n/ HTTP/1.1" 200 3343
"GET /admin/products/product/2/change/ HTTP/1.1" 200 40574
"GET /admin/jsi18n/ HTTP/1.1" 200 3343
"POST /admin/products/product/2/change/ HTTP/1.1" 302 0
"GET /admin/products/product/ HTTP/1.1" 200 26910
"GET /admin/jsi18n/ HTTP/1.1" 200 3343
Unauthorized: /api/products/retailer/1/
"GET /api/products/retailer/1/ HTTP/1.1" 401 183
Unauthorized: /api/products/retailer/1/
"GET /api/products/retailer/1/ HTTP/1.1" 401 183
Unauthorized: /api/products/retailer/1/
"GET /api/products/retailer/1/ HTTP/1.1" 401 183
"GET /api/products/retailer/1/ HTTP/1.1" 200 1561
"GET /api/products/retailer/1/ HTTP/1.1" 200 1561
"GET /api/products/retailer/1/ HTTP/1.1" 200 1561
"GET /api/products/retailer/1/ HTTP/1.1" 200 1561
"GET /api/products/retailer/1/ HTTP/1.1" 200 1561
"GET /api/products/retailer/1/ HTTP/1.1" 200 1561
"GET /api/products/retailer/1/ HTTP/1.1" 200 1561
Bad Request: /api/auth/customer/login-with-password/
"POST /api/auth/customer/login-with-password/ HTTP/1.1" 400 63
"GET /admin/authentication/user/ HTTP/1.1" 200 24746
"GET /admin/jsi18n/ HTTP/1.1" 200 3343
"GET /admin/authentication/user/5/change/ HTTP/1.1" 200 44337
"GET /admin/jsi18n/ HTTP/1.1" 200 3343
"POST /admin/authentication/user/5/change/ HTTP/1.1" 302 0
"GET /admin/authentication/user/ HTTP/1.1" 200 24963
"GET /admin/jsi18n/ HTTP/1.1" 200 3343
"POST /api/auth/customer/login-with-password/ HTTP/1.1" 200 732
"GET /api/auth/profile/ HTTP/1.1" 200 229
"GET /api/products/retailer/1/ HTTP/1.1" 200 1561
"GET /api/products/retailer/1/ HTTP/1.1" 200 1561
Not Found: /
"GET / HTTP/1.1" 404 3105
Not Found: /
"GET / HTTP/1.1" 404 3105
Not Found: /
"GET / HTTP/1.1" 404 3105
Not Found: /
"GET / HTTP/1.1" 404 3105
"GET /api/products/retailer/1/ HTTP/1.1" 200 1561
Not Found: /
"GET / HTTP/1.1" 404 3105
Not Found: /
"GET / HTTP/1.1" 404 3105
Not Found: /
"GET / HTTP/1.1" 404 3105
Not Found: /
"GET / HTTP/1.1" 404 3105
Not Found: /
"GET / HTTP/1.1" 404 3105
Not Found: /
"GET / HTTP/1.1" 404 3105
Not Found: /
"GET / HTTP/1.1" 404 3105
"GET /api/products/retailer/1/ HTTP/1.1" 200 1561
Not Found: /
"GET / HTTP/1.1" 404 3105
Not Found: /
"GET / HTTP/1.1" 404 3105
Not Found: /
"GET / HTTP/1.1" 404 3105
Not Found: /
"GET / HTTP/1.1" 404 3105
Not Found: /
"GET / HTTP/1.1" 404 3105
"GET /api/products/retailer/1/ HTTP/1.1" 200 1561
Not Found: /
"GET / HTTP/1.1" 404 3105
Not Found: /
"GET / HTTP/1.1" 404 3105
"GET /api/products/retailer/1/ HTTP/1.1" 200 1561
Not Found: /
"GET / HTTP/1.1" 404 3105
Not Found: /
"GET / HTTP/1.1" 404 3105
Not Found: /
"GET / HTTP/1.1" 404 3105
Not Found: /
"GET / HTTP/1.1" 404 3105
Unauthorized: /api/cart/add/
"POST /api/cart/add/ HTTP/1.1" 401 183
Not Found: /
"GET / HTTP/1.1" 404 3105
Not Found: /
"GET / HTTP/1.1" 404 3105
Not Found: /
"GET / HTTP/1.1" 404 3105
Unauthorized: /api/cart/add/
"POST /api/cart/add/ HTTP/1.1" 401 183
Not Found: /
"GET / HTTP/1.1" 404 3105
- Broken pipe from ('127.0.0.1', 51391)
- Broken pipe from ('127.0.0.1', 51296)
- Broken pipe from ('127.0.0.1', 51403)
- Broken pipe from ('127.0.0.1', 51376)
- Broken pipe from ('127.0.0.1', 51299)
- Broken pipe from ('127.0.0.1', 50224)
- Broken pipe from ('127.0.0.1', 51308)
- Broken pipe from ('127.0.0.1', 50221)
- Broken pipe from ('127.0.0.1', 51287)
- Broken pipe from ('127.0.0.1', 51392)
- Broken pipe from ('127.0.0.1', 51315)
- Broken pipe from ('127.0.0.1', 50220)
- Broken pipe from ('127.0.0.1', 50231)
- Broken pipe from ('127.0.0.1', 51387)
- Broken pipe from ('127.0.0.1', 51303)
- Broken pipe from ('127.0.0.1', 50225)
- Broken pipe from ('127.0.0.1', 50241)
- Broken pipe from ('127.0.0.1', 50213)
- Broken pipe from ('127.0.0.1', 50209)
- Broken pipe from ('127.0.0.1', 50235)
- Broken pipe from ('127.0.0.1', 51290)
- Broken pipe from ('127.0.0.1', 50234)
- Broken pipe from ('127.0.0.1', 50200)
- Broken pipe from ('127.0.0.1', 50215)
- Broken pipe from ('127.0.0.1', 51307)
- Broken pipe from ('127.0.0.1', 51304)
Unauthorized: /api/auth/profile/
"GET /api/auth/profile/ HTTP/1.1" 401 183
"GET /api/products/retailer/1/ HTTP/1.1" 200 1561
Not Found: /
"GET / HTTP/1.1" 404 3105
Not Found: /
"GET / HTTP/1.1" 404 3105
Not Found: /
"GET / HTTP/1.1" 404 3105
"GET /api/products/retailer/1/ HTTP/1.1" 200 1561
Not Found: /
"GET / HTTP/1.1" 404 3105
"GET /api/products/retailer/1/ HTTP/1.1" 200 1561
Not Found: /
"GET / HTTP/1.1" 404 3105
Not Found: /
"GET / HTTP/1.1" 404 3105
Not Found: /
"GET / HTTP/1.1" 404 3105
Not Found: /
"GET / HTTP/1.1" 404 3105
Unauthorized: /api/cart/add/
"POST /api/cart/add/ HTTP/1.1" 401 183
- Broken pipe from ('127.0.0.1', 50547)
- Broken pipe from ('127.0.0.1', 50544)
- Broken pipe from ('127.0.0.1', 50539)
- Broken pipe from ('127.0.0.1', 50556)
- Broken pipe from ('127.0.0.1', 50557)
- Broken pipe from ('127.0.0.1', 50551)
- Broken pipe from ('127.0.0.1', 50552)
- Broken pipe from ('127.0.0.1', 50553)
Unauthorized: /api/auth/profile/
"GET /api/auth/profile/ HTTP/1.1" 401 183
"GET /api/products/retailer/1/ HTTP/1.1" 200 1561
Not Found: /
"GET / HTTP/1.1" 404 3105
Not Found: /
"GET / HTTP/1.1" 404 3105
Not Found: /
"GET / HTTP/1.1" 404 3105
Not Found: /
"GET / HTTP/1.1" 404 3105
Unauthorized: /api/cart/add/
"POST /api/cart/add/ HTTP/1.1" 401 183
- Broken pipe from ('127.0.0.1', 61130)
- Broken pipe from ('127.0.0.1', 61126)
- Broken pipe from ('127.0.0.1', 61129)
- Broken pipe from ('127.0.0.1', 61131)
Unauthorized: /api/products/retailer/1/
Unauthorized: /api/auth/profile/
"GET /api/products/retailer/1/ HTTP/1.1" 401 183
"GET /api/auth/profile/ HTTP/1.1" 401 183
Watching for file changes with StatReloader
Unauthorized: /api/products/retailer/1/
"GET /api/products/retailer/1/ HTTP/1.1" 401 183
Unauthorized: /api/products/retailer/1/
"GET /api/products/retailer/1/ HTTP/1.1" 401 183
Unauthorized: /api/products/retailer/1/
"GET /api/products/retailer/1/ HTTP/1.1" 401 183
Unauthorized: /api/auth/profile/
"GET /api/auth/profile/ HTTP/1.1" 401 183
"GET /api/products/retailer/1/ HTTP/1.1" 200 1561
Not Found: /
"GET / HTTP/1.1" 404 3105
Not Found: /
"GET / HTTP/1.1" 404 3105
Not Found: /
"GET / HTTP/1.1" 404 3105
Not Found: /
"GET / HTTP/1.1" 404 3105
Unauthorized: /api/cart/add/
"POST /api/cart/add/ HTTP/1.1" 401 183
Unauthorized: /api/auth/profile/
"GET /api/auth/profile/ HTTP/1.1" 401 183
"GET /api/products/retailer/1/ HTTP/1.1" 200 1561
Not Found: /
"GET / HTTP/1.1" 404 3105
Not Found: /
"GET / HTTP/1.1" 404 3105
"GET /api/products/retailer/1/ HTTP/1.1" 200 1561
Not Found: /
"GET / HTTP/1.1" 404 3105
Not Found: /
"GET / HTTP/1.1" 404 3105
Not Found: /
"GET / HTTP/1.1" 404 3105
Not Found: /
"GET / HTTP/1.1" 404 3105
Unauthorized: /api/cart/add/
"POST /api/cart/add/ HTTP/1.1" 401 183
Unauthorized: /api/auth/profile/
"GET /api/auth/profile/ HTTP/1.1" 401 183
"GET /api/products/retailer/1/ HTTP/1.1" 200 1561
Not Found: /
"GET / HTTP/1.1" 404 3105
Unauthorized: /api/cart/add/
"POST /api/cart/add/ HTTP/1.1" 401 183
C:\Users\user\Desktop\online_files\retailer_customer_platform_main\authentication\views.py changed, reloading.
Watching for file changes with StatReloader
Watching for file changes with StatReloader
C:\Users\user\Desktop\online_files\retailer_customer_platform_main\ordering_platform\settings.py changed, reloading.
Watching for file changes with StatReloader
Watching for file changes with StatReloader
Watching for file changes with StatReloader
